C51 COMPILER V9.01   MAIN                                                                  03/18/2020 17:36:27 PAGE 1   


C51 COMPILER V9.01, COMPILATION OF MODULE MAIN
OBJECT MODULE PLACED IN ..\output\main.obj
COMPILER INVOKED BY: D:\C406\keil\C51\BIN\C51.EXE ..\src\main.c BROWSE DEBUG OBJECTEXTEND PRINT(.\main.lst) OBJECT(..\ou
                    -tput\main.obj)

line level    source

   1          #include "main.h"
   2          
   3          bit blink_flag = 0;
   4          bit ds1302_flag = 0;
   5          int h=23,m=59,s=55;
   6          int ch=0,cm=0,cs=0;
   7          u8 station_adj = 0;
   8          u8 dsp_flag     = 1;
   9          bit ds1302_enable = 1;
  10          bit clock_flag = 0;
  11          bit led_flag = 0;
  12          u8 led_end_temp=0;
  13          bit ds18b20_flag = 0;
  14          void system_init(){
  15   1               P2 = (P2&0X1F)|0XA0;
  16   1               P0 = 0X00;
  17   1               P2 &= 0X1F;
  18   1      
  19   1               P2 = (P2&0X1F)|0X80;
  20   1               P0 = 0XFF;
  21   1               P2 &= 0X1F;
  22   1      }       
  23          
  24          void Timer0Init(void)           //2毫秒@11.0592MHz
  25          {
  26   1              AUXR |= 0x80;           //定时器时钟1T模式
  27   1              TMOD &= 0xF0;           //设置定时器模式
  28   1              TL0 = 0x9A;             //设置定时初值
  29   1              TH0 = 0xA9;             //设置定时初值
  30   1              TF0 = 0;                //清除TF0标志
  31   1              TR0 = 1;                //定时器0开始计时
  32   1              ET0 = 1;
  33   1              EA = 1;
  34   1      }
  35          
  36          void main(){
  37   1              u8 tem;
  38   1              system_init();
  39   1              Timer0Init();
  40   1              ds1302_init();
  41   1              while(1){
  42   2                      key_scan();
  43   2                      if(ds1302_flag){
  44   3                              ds1302_flag = 0;
  45   3                              h = BCD_DEC(0,Read_Ds1302_Byte(0x85));
  46   3                              m = BCD_DEC(0,Read_Ds1302_Byte(0x83));
  47   3                              s = BCD_DEC(0,Read_Ds1302_Byte(0x81));
  48   3                      }
  49   2                      if(ds18b20_flag){
  50   3              //              tem = read_tem();               
  51   3                      }
  52   2                      judge_clock();
  53   2              }
  54   1      }
C51 COMPILER V9.01   MAIN                                                                  03/18/2020 17:36:27 PAGE 2   

*** WARNING C280 IN LINE 37 OF ..\SRC\MAIN.C: 'tem': unreferenced local variable
  55          
  56          void servic0() interrupt 1{
  57   1              static u8 ds1302_flag_temp = 0;
  58   1              static u16 blink_flag_temp = 0;
  59   1              static u8 led_blink_temp = 0;
  60   1              static u8 ds18b20_flag_temp = 0;
  61   1              TL0 = 0x9A;             //设置定时初值
  62   1              TH0 = 0xA9;             //设置定时初值
  63   1      
  64   1              if(++led_blink_temp==100&&clock_flag==1){
  65   2                      led_flag=!led_flag;
  66   2                      led_blink_temp = 0;
  67   2                      //0.2s 1次               
  68   2                      
  69   2                 if(led_flag){
  70   3                              P2 = (P2&0X1F)|0X80;
  71   3                              P0 = 0Xfe;
  72   3                              P2 &= 0X1F;
  73   3                 }
  74   2                 if(!led_flag){
  75   3                              P2 = (P2&0X1F)|0X80;
  76   3                              P0 = 0Xff;
  77   3                              P2 &= 0X1F;        
  78   3                 }
  79   2                      if(++led_end_temp >= 25){
  80   3                               clock_flag = 0;
  81   3                               led_end_temp = 0;
  82   3                              P2 = (P2&0X1F)|0X80;
  83   3                              P0 = 0Xff;
  84   3                              P2 &= 0X1F;     
  85   3                      }       
  86   2              }
  87   1      
  88   1              if(++ds1302_flag_temp>=100&&ds1302_enable){
  89   2                      ds1302_flag = 1;
  90   2                      ds1302_flag_temp = 0;
  91   2              }
  92   1              if(++blink_flag_temp>=500){             //1秒
  93   2                      blink_flag=!blink_flag;
  94   2                      blink_flag_temp = 0;
  95   2              }
  96   1              if(++ds18b20_flag_temp>=200){           //1秒
  97   2                      ds18b20_flag=1;
  98   2                      ds18b20_flag_temp = 0;
  99   2              }
 100   1      
 101   1              if(dsp_flag==1) 
 102   1                      time_dsp();
 103   1              else if(dsp_flag==2)
 104   1                      time_dsp1();
 105   1              else if(dsp_flag==3)
 106   1                      dsp_smg3();             
 107   1      }
 108          
 109          void judge_clock(){
 110   1              if(h==ch&&s==cs&&m==cm){
 111   2                 clock_flag = 1;
 112   2              }
 113   1      }


C51 COMPILER V9.01   MAIN                                                                  03/18/2020 17:36:27 PAGE 3   

MODULE INFORMATION:   STATIC OVERLAYABLE
   CODE SIZE        =    379    ----
   CONSTANT SIZE    =   ----    ----
   XDATA SIZE       =   ----    ----
   PDATA SIZE       =   ----    ----
   DATA SIZE        =     20       1
   IDATA SIZE       =   ----    ----
   BIT SIZE         =      6    ----
END OF MODULE INFORMATION.


C51 COMPILATION COMPLETE.  1 WARNING(S),  0 ERROR(S)
